// Jest Snapshot v1, https://goo.gl/fbAQLP

exports[`should render App signed in 1`] = `
<BrowserRouter>
  <Switch>
    <Route
      component={[Function]}
      exact={true}
      path="/"
    />
    <Route
      component={[Function]}
      path="/contacts"
    />
    <Route
      component={[Function]}
    />
  </Switch>
</BrowserRouter>
`;

exports[`should render App signed out 1`] = `<Connect(Login) />`;
