// Jest Snapshot v1, https://goo.gl/fbAQLP

exports[`should render Home 1`] = `
<Layout>
  <Segment>
    Signed in as ExampleUsername
  </Segment>
</Layout>
`;
