// Jest Snapshot v1, https://goo.gl/fbAQLP

exports[`should render Page404 1`] = `
<Layout
  onSignOut={[Function]}
>
  <Segment>
    <HeaderComponent
      icon="times"
      subtitle="Page not found"
      title="404"
    />
  </Segment>
</Layout>
`;
