// Jest Snapshot v1, https://goo.gl/fbAQLP

exports[`should render ContactsPagination 1`] = `
<Route>
  <Component />
</Route>
`;
