// Jest Snapshot v1, https://goo.gl/fbAQLP

exports[`should render Home 1`] = `
<Layout>
  <Segment>
    <HeaderComponent
      icon="home"
      subtitle={null}
      title="Home"
    />
    <p>
      Hello 
      <strong>
        ExampleUsername
      </strong>
    </p>
  </Segment>
</Layout>
`;
